Archive member included to satisfy reference by file (symbol)

C:/ST/STM32CubeCLT_1.16.0/GNU-tools-for-STM32/bin/../lib/gcc/arm-none-eabi/12.3.1/../../../../arm-none-eabi/lib/thumb/v7e-m+fp/hard\libc_nano.a(libc_a-exit.o)
                              C:/ST/STM32CubeCLT_1.16.0/GNU-tools-for-STM32/bin/../lib/gcc/arm-none-eabi/12.3.1/../../../../arm-none-eabi/lib/thumb/v7e-m+fp/hard/crt0.o (exit)
C:/ST/STM32CubeCLT_1.16.0/GNU-tools-for-STM32/bin/../lib/gcc/arm-none-eabi/12.3.1/../../../../arm-none-eabi/lib/thumb/v7e-m+fp/hard\libc_nano.a(libc_a-findfp.o)
                              C:/ST/STM32CubeCLT_1.16.0/GNU-tools-for-STM32/bin/../lib/gcc/arm-none-eabi/12.3.1/../../../../arm-none-eabi/lib/thumb/v7e-m+fp/hard\libc_nano.a(libc_a-exit.o) (__stdio_exit_handler)
C:/ST/STM32CubeCLT_1.16.0/GNU-tools-for-STM32/bin/../lib/gcc/arm-none-eabi/12.3.1/../../../../arm-none-eabi/lib/thumb/v7e-m+fp/hard\libc_nano.a(libc_a-fwalk.o)
                              C:/ST/STM32CubeCLT_1.16.0/GNU-tools-for-STM32/bin/../lib/gcc/arm-none-eabi/12.3.1/../../../../arm-none-eabi/lib/thumb/v7e-m+fp/hard\libc_nano.a(libc_a-findfp.o) (_fwalk_sglue)
C:/ST/STM32CubeCLT_1.16.0/GNU-tools-for-STM32/bin/../lib/gcc/arm-none-eabi/12.3.1/../../../../arm-none-eabi/lib/thumb/v7e-m+fp/hard\libc_nano.a(libc_a-stdio.o)
                              C:/ST/STM32CubeCLT_1.16.0/GNU-tools-for-STM32/bin/../lib/gcc/arm-none-eabi/12.3.1/../../../../arm-none-eabi/lib/thumb/v7e-m+fp/hard\libc_nano.a(libc_a-findfp.o) (__sread)
C:/ST/STM32CubeCLT_1.16.0/GNU-tools-for-STM32/bin/../lib/gcc/arm-none-eabi/12.3.1/../../../../arm-none-eabi/lib/thumb/v7e-m+fp/hard\libc_nano.a(libc_a-memset.o)
                              C:/ST/STM32CubeCLT_1.16.0/GNU-tools-for-STM32/bin/../lib/gcc/arm-none-eabi/12.3.1/../../../../arm-none-eabi/lib/thumb/v7e-m+fp/hard/crt0.o (memset)
C:/ST/STM32CubeCLT_1.16.0/GNU-tools-for-STM32/bin/../lib/gcc/arm-none-eabi/12.3.1/../../../../arm-none-eabi/lib/thumb/v7e-m+fp/hard\libc_nano.a(libc_a-closer.o)
                              C:/ST/STM32CubeCLT_1.16.0/GNU-tools-for-STM32/bin/../lib/gcc/arm-none-eabi/12.3.1/../../../../arm-none-eabi/lib/thumb/v7e-m+fp/hard\libc_nano.a(libc_a-stdio.o) (_close_r)
C:/ST/STM32CubeCLT_1.16.0/GNU-tools-for-STM32/bin/../lib/gcc/arm-none-eabi/12.3.1/../../../../arm-none-eabi/lib/thumb/v7e-m+fp/hard\libc_nano.a(libc_a-reent.o)
                              C:/ST/STM32CubeCLT_1.16.0/GNU-tools-for-STM32/bin/../lib/gcc/arm-none-eabi/12.3.1/../../../../arm-none-eabi/lib/thumb/v7e-m+fp/hard\libc_nano.a(libc_a-closer.o) (errno)
C:/ST/STM32CubeCLT_1.16.0/GNU-tools-for-STM32/bin/../lib/gcc/arm-none-eabi/12.3.1/../../../../arm-none-eabi/lib/thumb/v7e-m+fp/hard\libc_nano.a(libc_a-impure.o)
                              C:/ST/STM32CubeCLT_1.16.0/GNU-tools-for-STM32/bin/../lib/gcc/arm-none-eabi/12.3.1/../../../../arm-none-eabi/lib/thumb/v7e-m+fp/hard\libc_nano.a(libc_a-reent.o) (_impure_ptr)
C:/ST/STM32CubeCLT_1.16.0/GNU-tools-for-STM32/bin/../lib/gcc/arm-none-eabi/12.3.1/../../../../arm-none-eabi/lib/thumb/v7e-m+fp/hard\libc_nano.a(libc_a-lseekr.o)
                              C:/ST/STM32CubeCLT_1.16.0/GNU-tools-for-STM32/bin/../lib/gcc/arm-none-eabi/12.3.1/../../../../arm-none-eabi/lib/thumb/v7e-m+fp/hard\libc_nano.a(libc_a-stdio.o) (_lseek_r)
C:/ST/STM32CubeCLT_1.16.0/GNU-tools-for-STM32/bin/../lib/gcc/arm-none-eabi/12.3.1/../../../../arm-none-eabi/lib/thumb/v7e-m+fp/hard\libc_nano.a(libc_a-readr.o)
                              C:/ST/STM32CubeCLT_1.16.0/GNU-tools-for-STM32/bin/../lib/gcc/arm-none-eabi/12.3.1/../../../../arm-none-eabi/lib/thumb/v7e-m+fp/hard\libc_nano.a(libc_a-stdio.o) (_read_r)
C:/ST/STM32CubeCLT_1.16.0/GNU-tools-for-STM32/bin/../lib/gcc/arm-none-eabi/12.3.1/../../../../arm-none-eabi/lib/thumb/v7e-m+fp/hard\libc_nano.a(libc_a-writer.o)
                              C:/ST/STM32CubeCLT_1.16.0/GNU-tools-for-STM32/bin/../lib/gcc/arm-none-eabi/12.3.1/../../../../arm-none-eabi/lib/thumb/v7e-m+fp/hard\libc_nano.a(libc_a-stdio.o) (_write_r)
C:/ST/STM32CubeCLT_1.16.0/GNU-tools-for-STM32/bin/../lib/gcc/arm-none-eabi/12.3.1/../../../../arm-none-eabi/lib/thumb/v7e-m+fp/hard\libc_nano.a(libc_a-init.o)
                              C:/ST/STM32CubeCLT_1.16.0/GNU-tools-for-STM32/bin/../lib/gcc/arm-none-eabi/12.3.1/../../../../arm-none-eabi/lib/thumb/v7e-m+fp/hard/crt0.o (__libc_init_array)
C:/ST/STM32CubeCLT_1.16.0/GNU-tools-for-STM32/bin/../lib/gcc/arm-none-eabi/12.3.1/../../../../arm-none-eabi/lib/thumb/v7e-m+fp/hard\libc_nano.a(libc_a-lock.o)
                              C:/ST/STM32CubeCLT_1.16.0/GNU-tools-for-STM32/bin/../lib/gcc/arm-none-eabi/12.3.1/../../../../arm-none-eabi/lib/thumb/v7e-m+fp/hard\libc_nano.a(libc_a-findfp.o) (__retarget_lock_init_recursive)
C:/ST/STM32CubeCLT_1.16.0/GNU-tools-for-STM32/bin/../lib/gcc/arm-none-eabi/12.3.1/../../../../arm-none-eabi/lib/thumb/v7e-m+fp/hard\libc_nano.a(libc_a-freer.o)
[...]
Memory Configuration

Name             Origin             Length             Attributes
RAM              0x20000000         0x00020000         xrw
CCMRAM           0x10000000         0x00010000         xrw
FLASH            0x08000000         0x00100000         xr
*default*        0x00000000         0xffffffff

Linker script and memory map

LOAD C:/ST/STM32CubeCLT_1.16.0/GNU-tools-for-STM32/bin/../lib/gcc/arm-none-eabi/12.3.1/thumb/v7e-m+fp/hard/crti.o
LOAD C:/ST/STM32CubeCLT_1.16.0/GNU-tools-for-STM32/bin/../lib/gcc/arm-none-eabi/12.3.1/thumb/v7e-m+fp/hard/crtbegin.o
LOAD C:/ST/STM32CubeCLT_1.16.0/GNU-tools-for-STM32/bin/../lib/gcc/arm-none-eabi/12.3.1/../../../../arm-none-eabi/lib/thumb/v7e-m+fp/hard/crt0.o
START GROUP
LOAD C:/ST/STM32CubeCLT_1.16.0/GNU-tools-for-STM32/bin/../lib/gcc/arm-none-eabi/12.3.1/../../../../arm-none-eabi/lib/thumb/v7e-m+fp/hard\libc_nano.a
LOAD C:/ST/STM32CubeCLT_1.16.0/GNU-tools-for-STM32/bin/../lib/gcc/arm-none-eabi/12.3.1/../../../../arm-none-eabi/lib/thumb/v7e-m+fp/hard\libm.a
END GROUP
LOAD CMakeFiles/VScode_TFT1.8.dir/Core/ST7735/ST7735.c.obj
LOAD CMakeFiles/VScode_TFT1.8.dir/Core/Src/main.c.obj
LOAD CMakeFiles/VScode_TFT1.8.dir/Core/Src/stm32f4xx_it.c.obj
LOAD CMakeFiles/VScode_TFT1.8.dir/Core/Src/stm32f4xx_hal_msp.c.obj
LOAD CMakeFiles/VScode_TFT1.8.dir/Drivers/STM32F4xx_HAL_Driver/Src/stm32f4xx_hal_spi.c.obj
LOAD CMakeFiles/VScode_TFT1.8.dir/Drivers/STM32F4xx_HAL_Driver/Src/stm32f4xx_hal_rcc.c.obj
LOAD CMakeFiles/VScode_TFT1.8.dir/Drivers/STM32F4xx_HAL_Driver/Src/stm32f4xx_hal_rcc_ex.c.obj
LOAD CMakeFiles/VScode_TFT1.8.dir/Drivers/STM32F4xx_HAL_Driver/Src/stm32f4xx_hal_flash.c.obj
LOAD CMakeFiles/VScode_TFT1.8.dir/Drivers/STM32F4xx_HAL_Driver/Src/stm32f4xx_hal_flash_ex.c.obj
LOAD CMakeFiles/VScode_TFT1.8.dir/Drivers/STM32F4xx_HAL_Driver/Src/stm32f4xx_hal_flash_ramfunc.c.obj
LOAD CMakeFiles/VScode_TFT1.8.dir/Drivers/STM32F4xx_HAL_Driver/Src/stm32f4xx_hal_gpio.c.obj
LOAD CMakeFiles/VScode_TFT1.8.dir/Drivers/STM32F4xx_HAL_Driver/Src/stm32f4xx_hal_dma_ex.c.obj
LOAD CMakeFiles/VScode_TFT1.8.dir/Drivers/STM32F4xx_HAL_Driver/Src/stm32f4xx_hal_dma.c.obj
LOAD CMakeFiles/VScode_TFT1.8.dir/Drivers/STM32F4xx_HAL_Driver/Src/stm32f4xx_hal_pwr.c.obj
LOAD CMakeFiles/VScode_TFT1.8.dir/Drivers/STM32F4xx_HAL_Driver/Src/stm32f4xx_hal_pwr_ex.c.obj
LOAD CMakeFiles/VScode_TFT1.8.dir/Drivers/STM32F4xx_HAL_Driver/Src/stm32f4xx_hal_cortex.c.obj
LOAD CMakeFiles/VScode_TFT1.8.dir/Drivers/STM32F4xx_HAL_Driver/Src/stm32f4xx_hal.c.obj
LOAD CMakeFiles/VScode_TFT1.8.dir/Drivers/STM32F4xx_HAL_Driver/Src/stm32f4xx_hal_exti.c.obj
LOAD CMakeFiles/VScode_TFT1.8.dir/Drivers/STM32F4xx_HAL_Driver/Src/stm32f4xx_hal_tim.c.obj
LOAD CMakeFiles/VScode_TFT1.8.dir/Drivers/STM32F4xx_HAL_Driver/Src/stm32f4xx_hal_tim_ex.c.obj
LOAD CMakeFiles/VScode_TFT1.8.dir/Drivers/STM32F4xx_HAL_Driver/Src/stm32f4xx_hal_uart.c.obj
LOAD CMakeFiles/VScode_TFT1.8.dir/Core/Src/system_stm32f4xx.c.obj
LOAD CMakeFiles/VScode_TFT1.8.dir/Core/Src/sysmem.c.obj
LOAD CMakeFiles/VScode_TFT1.8.dir/Core/Src/syscalls.c.obj
LOAD CMakeFiles/VScode_TFT1.8.dir/startup_stm32f407xx.s.obj
START GROUP
LOAD C:/ST/STM32CubeCLT_1.16.0/GNU-tools-for-STM32/bin/../lib/gcc/arm-none-eabi/12.3.1/thumb/v7e-m+fp/hard\libgcc.a
LOAD C:/ST/STM32CubeCLT_1.16.0/GNU-tools-for-STM32/bin/../lib/gcc/arm-none-eabi/12.3.1/../../../../arm-none-eabi/lib/thumb/v7e-m+fp/hard\libg_nano.a
LOAD C:/ST/STM32CubeCLT_1.16.0/GNU-tools-for-STM32/bin/../lib/gcc/arm-none-eabi/12.3.1/../../../../arm-none-eabi/lib/thumb/v7e-m+fp/hard\libc_nano.a
END GROUP
START GROUP
LOAD C:/ST/STM32CubeCLT_1.16.0/GNU-tools-for-STM32/bin/../lib/gcc/arm-none-eabi/12.3.1/thumb/v7e-m+fp/hard\libgcc.a
LOAD C:/ST/STM32CubeCLT_1.16.0/GNU-tools-for-STM32/bin/../lib/gcc/arm-none-eabi/12.3.1/../../../../arm-none-eabi/lib/thumb/v7e-m+fp/hard\libc_nano.a
END GROUP
LOAD C:/ST/STM32CubeCLT_1.16.0/GNU-tools-for-STM32/bin/../lib/gcc/arm-none-eabi/12.3.1/thumb/v7e-m+fp/hard/crtend.o
LOAD C:/ST/STM32CubeCLT_1.16.0/GNU-tools-for-STM32/bin/../lib/gcc/arm-none-eabi/12.3.1/thumb/v7e-m+fp/hard/crtn.o
                0x20020000                        _estack = (ORIGIN (RAM) + LENGTH (RAM))
                0x00000200                        _Min_Heap_Size = 0x200
                0x00000400                        _Min_Stack_Size = 0x400

.isr_vector     0x08000000      0x188
                0x08000000                        . = ALIGN (0x4)
 *(.isr_vector)
 .isr_vector    0x08000000      0x188 CMakeFiles/VScode_TFT1.8.dir/startup_stm32f407xx.s.obj
                0x08000000                g_pfnVectors
                0x08000188                        . = ALIGN (0x4)

.text           0x08000188     0x2564
                0x08000188                        . = ALIGN (0x4)
 *(.text)
 .text          0x08000188       0x40 C:/ST/STM32CubeCLT_1.16.0/GNU-tools-for-STM32/bin/../lib/gcc/arm-none-eabi/12.3.1/thumb/v7e-m+fp/hard/crtbegin.o
 .text          0x080001c8       0x30 C:/ST/STM32CubeCLT_1.16.0/GNU-tools-for-STM32/bin/../lib/gcc/arm-none-eabi/12.3.1/thumb/v7e-m+fp/hard\libgcc.a(_aeabi_uldivmod.o)
                0x080001c8                __aeabi_uldivmod
 .text          0x080001f8      0x2bc C:/ST/STM32CubeCLT_1.16.0/GNU-tools-for-STM32/bin/../lib/gcc/arm-none-eabi/12.3.1/thumb/v7e-m+fp/hard\libgcc.a(_udivmoddi4.o)
                0x080001f8                __udivmoddi4
 .text          0x080004b4        0x4 C:/ST/STM32CubeCLT_1.16.0/GNU-tools-for-STM32/bin/../lib/gcc/arm-none-eabi/12.3.1/thumb/v7e-m+fp/hard\libgcc.a(_dvmd_tls.o)
                0x080004b4                __aeabi_idiv0
                0x080004b4                __aeabi_ldiv0
 *(.text*)
 .text.memset   0x080004b8       0x10 C:/ST/STM32CubeCLT_1.16.0/GNU-tools-for-STM32/bin/../lib/gcc/arm-none-eabi/12.3.1/../../../../arm-none-eabi/lib/thumb/v7e-m+fp/hard\libc_nano.a(libc_a-memset.o)
                0x080004b8                memset
 .text.__libc_init_array
                0x080004c8       0x48 C:/ST/STM32CubeCLT_1.16.0/GNU-tools-for-STM32/bin/../lib/gcc/arm-none-eabi/12.3.1/../../../../arm-none-eabi/lib/thumb/v7e-m+fp/hard\libc_nano.a(libc_a-init.o)
                0x080004c8                __libc_init_array
 .text.display_init
                0x08000510       0x40 CMakeFiles/VScode_TFT1.8.dir/Core/ST7735/ST7735.c.obj
                0x08000510                display_init
 .text.send_command
                0x08000550       0x48 CMakeFiles/VScode_TFT1.8.dir/Core/ST7735/ST7735.c.obj
                0x08000550                send_command
 .text.send_image
                0x08000598       0x54 CMakeFiles/VScode_TFT1.8.dir/Core/ST7735/ST7735.c.obj
                0x08000598                send_image
 .text.set_red_background
                0x080005ec       0x4c CMakeFiles/VScode_TFT1.8.dir/Core/ST7735/ST7735.c.obj
                0x080005ec                set_red_background
 .text.set_green_background
                0x08000638       0x4c CMakeFiles/VScode_TFT1.8.dir/Core/ST7735/ST7735.c.obj
                0x08000638                set_green_background
 .text.set_blue_background
                0x08000684       0x4c CMakeFiles/VScode_TFT1.8.dir/Core/ST7735/ST7735.c.obj
                0x08000684                set_blue_background
 .text.set_yellow_background
                0x080006d0       0x4c CMakeFiles/VScode_TFT1.8.dir/Core/ST7735/ST7735.c.obj
                0x080006d0                set_yellow_background
 .text.main     0x0800071c       0x80 CMakeFiles/VScode_TFT1.8.dir/Core/Src/main.c.obj
                0x0800071c                main
 .text.SystemClock_Config
                0x0800079c       0xd4 CMakeFiles/VScode_TFT1.8.dir/Core/Src/main.c.obj
                0x0800079c                SystemClock_Config
 .text.MX_SPI1_Init
                0x08000870       0x70 CMakeFiles/VScode_TFT1.8.dir/Core/Src/main.c.obj
 .text.MX_UART4_Init
                0x080008e0       0x54 CMakeFiles/VScode_TFT1.8.dir/Core/Src/main.c.obj
 .text.MX_GPIO_Init
                0x08000934      0x114 CMakeFiles/VScode_TFT1.8.dir/Core/Src/main.c.obj
 .text.Error_Handler
                0x08000a48        0xc CMakeFiles/VScode_TFT1.8.dir/Core/Src/main.c.obj
                0x08000a48                Error_Handler
 .text.NMI_Handler
                0x08000a54        0x8 CMakeFiles/VScode_TFT1.8.dir/Core/Src/stm32f4xx_it.c.obj
                0x08000a54                NMI_Handler
 .text.HardFault_Handler
                0x08000a5c        0x8 CMakeFiles/VScode_TFT1.8.dir/Core/Src/stm32f4xx_it.c.obj
                0x08000a5c                HardFault_Handler
 .text.MemManage_Handler
                0x08000a64        0x8 CMakeFiles/VScode_TFT1.8.dir/Core/Src/stm32f4xx_it.c.obj
                0x08000a64                MemManage_Handler
 .text.BusFault_Handler
                0x08000a6c        0x8 CMakeFiles/VScode_TFT1.8.dir/Core/Src/stm32f4xx_it.c.obj
                0x08000a6c                BusFault_Handler
 .text.UsageFault_Handler
                0x08000a74        0x8 CMakeFiles/VScode_TFT1.8.dir/Core/Src/stm32f4xx_it.c.obj
                0x08000a74                UsageFault_Handler
 .text.SVC_Handler
                0x08000a7c        0xe CMakeFiles/VScode_TFT1.8.dir/Core/Src/stm32f4xx_it.c.obj
                0x08000a7c                SVC_Handler
 .text.DebugMon_Handler
                0x08000a8a        0xe CMakeFiles/VScode_TFT1.8.dir/Core/Src/stm32f4xx_it.c.obj
                0x08000a8a                DebugMon_Handler
 .text.PendSV_Handler
                0x08000a98        0xe CMakeFiles/VScode_TFT1.8.dir/Core/Src/stm32f4xx_it.c.obj
                0x08000a98                PendSV_Handler
 .text.SysTick_Handler
                0x08000aa6        0xc CMakeFiles/VScode_TFT1.8.dir/Core/Src/stm32f4xx_it.c.obj
                0x08000aa6                SysTick_Handler
 *fill*         0x08000ab2        0x2 
 .text.HAL_MspInit
                0x08000ab4       0x50 CMakeFiles/VScode_TFT1.8.dir/Core/Src/stm32f4xx_hal_msp.c.obj
                0x08000ab4                HAL_MspInit
 .text.HAL_SPI_MspInit
                0x08000b04       0x90 CMakeFiles/VScode_TFT1.8.dir/Core/Src/stm32f4xx_hal_msp.c.obj
                0x08000b04                HAL_SPI_MspInit
 .text.HAL_UART_MspInit
                0x08000b94       0x90 CMakeFiles/VScode_TFT1.8.dir/Core/Src/stm32f4xx_hal_msp.c.obj
                0x08000b94                HAL_UART_MspInit
 .text.HAL_SPI_Init
                0x08000c24      0x112 CMakeFiles/VScode_TFT1.8.dir/Drivers/STM32F4xx_HAL_Driver/Src/stm32f4xx_hal_spi.c.obj
                0x08000c24                HAL_SPI_Init
 .text.HAL_SPI_Transmit
                0x08000d36      0x278 CMakeFiles/VScode_TFT1.8.dir/Drivers/STM32F4xx_HAL_Driver/Src/stm32f4xx_hal_spi.c.obj
                0x08000d36                HAL_SPI_Transmit
 *fill*         0x08000fae        0x2 
 .text.SPI_WaitFlagStateUntilTimeout
                0x08000fb0      0x110 CMakeFiles/VScode_TFT1.8.dir/Drivers/STM32F4xx_HAL_Driver/Src/stm32f4xx_hal_spi.c.obj
 .text.SPI_EndRxTxTransaction
                0x080010c0       0x84 CMakeFiles/VScode_TFT1.8.dir/Drivers/STM32F4xx_HAL_Driver/Src/stm32f4xx_hal_spi.c.obj
 .text.HAL_RCC_OscConfig
                0x08001144      0x4f0 CMakeFiles/VScode_TFT1.8.dir/Drivers/STM32F4xx_HAL_Driver/Src/stm32f4xx_hal_rcc.c.obj
                0x08001144                HAL_RCC_OscConfig
 .text.HAL_RCC_ClockConfig
                0x08001634      0x1cc CMakeFiles/VScode_TFT1.8.dir/Drivers/STM32F4xx_HAL_Driver/Src/stm32f4xx_hal_rcc.c.obj
                0x08001634                HAL_RCC_ClockConfig
 .text.HAL_RCC_GetSysClockFreq
                0x08001800      0x20c CMakeFiles/VScode_TFT1.8.dir/Drivers/STM32F4xx_HAL_Driver/Src/stm32f4xx_hal_rcc.c.obj
                0x08001800                HAL_RCC_GetSysClockFreq
 .text.HAL_RCC_GetHCLKFreq
                0x08001a0c       0x18 CMakeFiles/VScode_TFT1.8.dir/Drivers/STM32F4xx_HAL_Driver/Src/stm32f4xx_hal_rcc.c.obj
                0x08001a0c                HAL_RCC_GetHCLKFreq
 .text.HAL_RCC_GetPCLK1Freq
                0x08001a24       0x28 CMakeFiles/VScode_TFT1.8.dir/Drivers/STM32F4xx_HAL_Driver/Src/stm32f4xx_hal_rcc.c.obj
                0x08001a24                HAL_RCC_GetPCLK1Freq
 .text.HAL_RCC_GetPCLK2Freq
                0x08001a4c       0x28 CMakeFiles/VScode_TFT1.8.dir/Drivers/STM32F4xx_HAL_Driver/Src/stm32f4xx_hal_rcc.c.obj
                0x08001a4c                HAL_RCC_GetPCLK2Freq
 .text.HAL_GPIO_Init
                0x08001a74      0x338 CMakeFiles/VScode_TFT1.8.dir/Drivers/STM32F4xx_HAL_Driver/Src/stm32f4xx_hal_gpio.c.obj
                0x08001a74                HAL_GPIO_Init
 .text.HAL_GPIO_WritePin
                0x08001dac       0x32 CMakeFiles/VScode_TFT1.8.dir/Drivers/STM32F4xx_HAL_Driver/Src/stm32f4xx_hal_gpio.c.obj
                0x08001dac                HAL_GPIO_WritePin
 *fill*         0x08001dde        0x2 
 .text.__NVIC_SetPriorityGrouping
                0x08001de0       0x48 CMakeFiles/VScode_TFT1.8.dir/Drivers/STM32F4xx_HAL_Driver/Src/stm32f4xx_hal_cortex.c.obj
 .text.__NVIC_GetPriorityGrouping
                0x08001e28       0x1c CMakeFiles/VScode_TFT1.8.dir/Drivers/STM32F4xx_HAL_Driver/Src/stm32f4xx_hal_cortex.c.obj
 .text.__NVIC_SetPriority
                0x08001e44       0x54 CMakeFiles/VScode_TFT1.8.dir/Drivers/STM32F4xx_HAL_Driver/Src/stm32f4xx_hal_cortex.c.obj
 .text.NVIC_EncodePriority
                0x08001e98       0x66 CMakeFiles/VScode_TFT1.8.dir/Drivers/STM32F4xx_HAL_Driver/Src/stm32f4xx_hal_cortex.c.obj
 *fill*         0x08001efe        0x2 
 .text.SysTick_Config
                0x08001f00       0x44 CMakeFiles/VScode_TFT1.8.dir/Drivers/STM32F4xx_HAL_Driver/Src/stm32f4xx_hal_cortex.c.obj
 .text.HAL_NVIC_SetPriorityGrouping
                0x08001f44       0x16 CMakeFiles/VScode_TFT1.8.dir/Drivers/STM32F4xx_HAL_Driver/Src/stm32f4xx_hal_cortex.c.obj
                0x08001f44                HAL_NVIC_SetPriorityGrouping
 .text.HAL_NVIC_SetPriority
                0x08001f5a       0x38 CMakeFiles/VScode_TFT1.8.dir/Drivers/STM32F4xx_HAL_Driver/Src/stm32f4xx_hal_cortex.c.obj
                0x08001f5a                HAL_NVIC_SetPriority
 .text.HAL_SYSTICK_Config
                0x08001f92       0x18 CMakeFiles/VScode_TFT1.8.dir/Drivers/STM32F4xx_HAL_Driver/Src/stm32f4xx_hal_cortex.c.obj
                0x08001f92                HAL_SYSTICK_Config
 *fill*         0x08001faa        0x2 
 .text.HAL_Init
                0x08001fac       0x44 CMakeFiles/VScode_TFT1.8.dir/Drivers/STM32F4xx_HAL_Driver/Src/stm32f4xx_hal.c.obj
                0x08001fac                HAL_Init
 .text.HAL_InitTick
                0x08001ff0       0x60 CMakeFiles/VScode_TFT1.8.dir/Drivers/STM32F4xx_HAL_Driver/Src/stm32f4xx_hal.c.obj
                0x08001ff0                HAL_InitTick
 .text.HAL_IncTick
                0x08002050       0x28 CMakeFiles/VScode_TFT1.8.dir/Drivers/STM32F4xx_HAL_Driver/Src/stm32f4xx_hal.c.obj
                0x08002050                HAL_IncTick
 .text.HAL_GetTick
                0x08002078       0x18 CMakeFiles/VScode_TFT1.8.dir/Drivers/STM32F4xx_HAL_Driver/Src/stm32f4xx_hal.c.obj
                0x08002078                HAL_GetTick
 .text.HAL_Delay
                0x08002090       0x48 CMakeFiles/VScode_TFT1.8.dir/Drivers/STM32F4xx_HAL_Driver/Src/stm32f4xx_hal.c.obj
                0x08002090                HAL_Delay
 .text.HAL_UART_Init
                0x080020d8       0x9a CMakeFiles/VScode_TFT1.8.dir/Drivers/STM32F4xx_HAL_Driver/Src/stm32f4xx_hal_uart.c.obj
                0x080020d8                HAL_UART_Init
 *fill*         0x08002172        0x2 
 .text.UART_SetConfig
                0x08002174      0x4e8 CMakeFiles/VScode_TFT1.8.dir/Drivers/STM32F4xx_HAL_Driver/Src/stm32f4xx_hal_uart.c.obj
 .text.SystemInit
                0x0800265c       0x24 CMakeFiles/VScode_TFT1.8.dir/Core/Src/system_stm32f4xx.c.obj
                0x0800265c                SystemInit
 .text.Reset_Handler
                0x08002680       0x50 CMakeFiles/VScode_TFT1.8.dir/startup_stm32f407xx.s.obj
                0x08002680                Reset_Handler
 .text.Default_Handler
                0x080026d0        0x2 CMakeFiles/VScode_TFT1.8.dir/startup_stm32f407xx.s.obj
                0x080026d0                RTC_Alarm_IRQHandler
                0x080026d0                HASH_RNG_IRQHandler
                0x080026d0                EXTI2_IRQHandler
                0x080026d0                TIM8_CC_IRQHandler
                0x080026d0                TIM1_CC_IRQHandler
                0x080026d0                DMA2_Stream5_IRQHandler
                0x080026d0                DMA1_Stream5_IRQHandler
                0x080026d0                PVD_IRQHandler
                0x080026d0                SDIO_IRQHandler
                0x080026d0                TAMP_STAMP_IRQHandler
                0x080026d0                CAN2_RX1_IRQHandler
                0x080026d0                EXTI3_IRQHandler
                0x080026d0                TIM8_TRG_COM_TIM14_IRQHandler
                0x080026d0                TIM1_UP_TIM10_IRQHandler
                0x080026d0                TIM8_UP_TIM13_IRQHandler
                0x080026d0                I2C3_ER_IRQHandler
                0x080026d0                EXTI0_IRQHandler
                0x080026d0                I2C2_EV_IRQHandler
                0x080026d0                DMA1_Stream2_IRQHandler
                0x080026d0                CAN1_RX0_IRQHandler
                0x080026d0                FPU_IRQHandler
                0x080026d0                OTG_HS_WKUP_IRQHandler
                0x080026d0                CAN2_SCE_IRQHandler
                0x080026d0                DMA2_Stream2_IRQHandler
                0x080026d0                SPI1_IRQHandler
                0x080026d0                TIM6_DAC_IRQHandler
                0x080026d0                TIM1_BRK_TIM9_IRQHandler
                0x080026d0                DCMI_IRQHandler
                0x080026d0                CAN2_RX0_IRQHandler
                0x080026d0                DMA2_Stream3_IRQHandler
                0x080026d0                USART6_IRQHandler
                0x080026d0                USART3_IRQHandler
                0x080026d0                CAN1_RX1_IRQHandler
                0x080026d0                UART5_IRQHandler
                0x080026d0                DMA2_Stream0_IRQHandler
                0x080026d0                TIM4_IRQHandler
                0x080026d0                I2C1_EV_IRQHandler
                0x080026d0                DMA1_Stream6_IRQHandler
                0x080026d0                DMA1_Stream1_IRQHandler
                0x080026d0                UART4_IRQHandler
                0x080026d0                TIM3_IRQHandler
                0x080026d0                RCC_IRQHandler
                0x080026d0                TIM8_BRK_TIM12_IRQHandler
                0x080026d0                Default_Handler
                0x080026d0                EXTI15_10_IRQHandler
                0x080026d0                ADC_IRQHandler
                0x080026d0                DMA1_Stream7_IRQHandler
                0x080026d0                TIM7_IRQHandler
                0x080026d0                CAN2_TX_IRQHandler
                0x080026d0                TIM5_IRQHandler
                0x080026d0                DMA2_Stream7_IRQHandler
                0x080026d0                I2C3_EV_IRQHandler
                0x080026d0                EXTI9_5_IRQHandler
                0x080026d0                RTC_WKUP_IRQHandler
                0x080026d0                ETH_WKUP_IRQHandler
                0x080026d0                SPI2_IRQHandler
                0x080026d0                OTG_HS_EP1_IN_IRQHandler
                0x080026d0                DMA1_Stream0_IRQHandler
                0x080026d0                CAN1_TX_IRQHandler
                0x080026d0                EXTI4_IRQHandler
                0x080026d0                FSMC_IRQHandler
                0x080026d0                ETH_IRQHandler
                0x080026d0                OTG_HS_EP1_OUT_IRQHandler
                0x080026d0                WWDG_IRQHandler
                0x080026d0                TIM2_IRQHandler
                0x080026d0                OTG_FS_WKUP_IRQHandler
                0x080026d0                TIM1_TRG_COM_TIM11_IRQHandler
                0x080026d0                OTG_HS_IRQHandler
                0x080026d0                EXTI1_IRQHandler
                0x080026d0                USART2_IRQHandler
                0x080026d0                I2C2_ER_IRQHandler
                0x080026d0                DMA2_Stream1_IRQHandler
                0x080026d0                CAN1_SCE_IRQHandler
                0x080026d0                FLASH_IRQHandler
                0x080026d0                DMA2_Stream4_IRQHandler
                0x080026d0                USART1_IRQHandler
                0x080026d0                OTG_FS_IRQHandler
                0x080026d0                SPI3_IRQHandler
                0x080026d0                DMA1_Stream4_IRQHandler
                0x080026d0                I2C1_ER_IRQHandler
                0x080026d0                DMA2_Stream6_IRQHandler
                0x080026d0                DMA1_Stream3_IRQHandler
 *(.glue_7)
 .glue_7        0x080026d2        0x0 linker stubs
 *(.glue_7t)
 .glue_7t       0x080026d2        0x0 linker stubs
 *(.eh_frame)
 *fill*         0x080026d2        0x2 
 .eh_frame      0x080026d4        0x0 C:/ST/STM32CubeCLT_1.16.0/GNU-tools-for-STM32/bin/../lib/gcc/arm-none-eabi/12.3.1/thumb/v7e-m+fp/hard/crtbegin.o
 *(.init)
 .init          0x080026d4        0x4 C:/ST/STM32CubeCLT_1.16.0/GNU-tools-for-STM32/bin/../lib/gcc/arm-none-eabi/12.3.1/thumb/v7e-m+fp/hard/crti.o
                0x080026d4                _init
 .init          0x080026d8        0x8 C:/ST/STM32CubeCLT_1.16.0/GNU-tools-for-STM32/bin/../lib/gcc/arm-none-eabi/12.3.1/thumb/v7e-m+fp/hard/crtn.o
 *(.fini)
 .fini          0x080026e0        0x4 C:/ST/STM32CubeCLT_1.16.0/GNU-tools-for-STM32/bin/../lib/gcc/arm-none-eabi/12.3.1/thumb/v7e-m+fp/hard/crti.o
                0x080026e0                _fini
 .fini          0x080026e4        0x8 C:/ST/STM32CubeCLT_1.16.0/GNU-tools-for-STM32/bin/../lib/gcc/arm-none-eabi/12.3.1/thumb/v7e-m+fp/hard/crtn.o
                0x080026ec                        . = ALIGN (0x4)
                0x080026ec                        _etext = .

.vfp11_veneer   0x080026ec        0x0
 .vfp11_veneer  0x080026ec        0x0 linker stubs

.v4_bx          0x080026ec        0x0
 .v4_bx         0x080026ec        0x0 linker stubs

.iplt           0x080026ec        0x0
 .iplt          0x080026ec        0x0 C:/ST/STM32CubeCLT_1.16.0/GNU-tools-for-STM32/bin/../lib/gcc/arm-none-eabi/12.3.1/thumb/v7e-m+fp/hard/crtbegin.o

.rodata         0x080026ec       0x18
                0x080026ec                        . = ALIGN (0x4)
 *(.rodata)
 *(.rodata*)
 .rodata.AHBPrescTable
                0x080026ec       0x10 CMakeFiles/VScode_TFT1.8.dir/Core/Src/system_stm32f4xx.c.obj
                0x080026ec                AHBPrescTable
 .rodata.APBPrescTable
                0x080026fc        0x8 CMakeFiles/VScode_TFT1.8.dir/Core/Src/system_stm32f4xx.c.obj
                0x080026fc                APBPrescTable
                0x08002704                        . = ALIGN (0x4)

.ARM.extab
 *(.ARM.extab* .gnu.linkonce.armextab.*)

.ARM            0x08002704        0x8
                0x08002704                        __exidx_start = .
 *(.ARM.exidx*)
 .ARM.exidx     0x08002704        0x8 C:/ST/STM32CubeCLT_1.16.0/GNU-tools-for-STM32/bin/../lib/gcc/arm-none-eabi/12.3.1/thumb/v7e-m+fp/hard\libgcc.a(_udivmoddi4.o)
                0x0800270c                        __exidx_end = .

.rel.dyn        0x0800270c        0x0
 .rel.iplt      0x0800270c        0x0 C:/ST/STM32CubeCLT_1.16.0/GNU-tools-for-STM32/bin/../lib/gcc/arm-none-eabi/12.3.1/thumb/v7e-m+fp/hard/crtbegin.o

.preinit_array  0x0800270c        0x0
                0x0800270c                        PROVIDE (__preinit_array_start = .)
 *(.preinit_array*)
                0x0800270c                        PROVIDE (__preinit_array_end = .)

.init_array     0x0800270c        0x4
                0x0800270c                        PROVIDE (__init_array_start = .)
 *(SORT_BY_NAME(.init_array.*))
 *(.init_array*)
 .init_array    0x0800270c        0x4 C:/ST/STM32CubeCLT_1.16.0/GNU-tools-for-STM32/bin/../lib/gcc/arm-none-eabi/12.3.1/thumb/v7e-m+fp/hard/crtbegin.o
                0x08002710                        PROVIDE (__init_array_end = .)

.fini_array     0x08002710        0x4
                [!provide]                        PROVIDE (__fini_array_start = .)
 *(SORT_BY_NAME(.fini_array.*))
 *(.fini_array*)
 .fini_array    0x08002710        0x4 C:/ST/STM32CubeCLT_1.16.0/GNU-tools-for-STM32/bin/../lib/gcc/arm-none-eabi/12.3.1/thumb/v7e-m+fp/hard/crtbegin.o
                [!provide]                        PROVIDE (__fini_array_end = .)
                0x08002714                        _sidata = LOADADDR (.data)

.data           0x20000000       0x10 load address 0x08002714
                0x20000000                        . = ALIGN (0x4)
                0x20000000                        _sdata = .
 *(.data)
 *(.data*)
 .data.spi      0x20000000        0x4 CMakeFiles/VScode_TFT1.8.dir/Core/ST7735/ST7735.c.obj
                0x20000000                spi
 .data.uwTickPrio
                0x20000004        0x4 CMakeFiles/VScode_TFT1.8.dir/Drivers/STM32F4xx_HAL_Driver/Src/stm32f4xx_hal.c.obj
                0x20000004                uwTickPrio
 .data.uwTickFreq
                0x20000008        0x1 CMakeFiles/VScode_TFT1.8.dir/Drivers/STM32F4xx_HAL_Driver/Src/stm32f4xx_hal.c.obj
                0x20000008                uwTickFreq
 *fill*         0x20000009        0x3 
 .data.SystemCoreClock
                0x2000000c        0x4 CMakeFiles/VScode_TFT1.8.dir/Core/Src/system_stm32f4xx.c.obj
                0x2000000c                SystemCoreClock
                0x20000010                        . = ALIGN (0x4)
                0x20000010                        _edata = .
                0x08002724                        _siccmram = LOADADDR (.ccmram)

.igot.plt       0x20000010        0x0 load address 0x08002724
 .igot.plt      0x20000010        0x0 C:/ST/STM32CubeCLT_1.16.0/GNU-tools-for-STM32/bin/../lib/gcc/arm-none-eabi/12.3.1/thumb/v7e-m+fp/hard/crtbegin.o

.ccmram         0x10000000        0x0 load address 0x08002724
                0x10000000                        . = ALIGN (0x4)
                0x10000000                        _sccmram = .
 *(.ccmram)
 *(.ccmram*)
                0x10000000                        . = ALIGN (0x4)
                0x10000000                        _eccmram = .
                0x10000000                        . = ALIGN (0x4)

.bss            0x20000010     0xf0bc
                0x20000010                        _sbss = .
                0x20000010                        __bss_start__ = _sbss
 *(.bss)
 .bss           0x20000010       0x1c C:/ST/STM32CubeCLT_1.16.0/GNU-tools-for-STM32/bin/../lib/gcc/arm-none-eabi/12.3.1/thumb/v7e-m+fp/hard/crtbegin.o
 *(.bss*)
 .bss.hspi1     0x2000002c       0x58 CMakeFiles/VScode_TFT1.8.dir/Core/Src/main.c.obj
                0x2000002c                hspi1
 .bss.huart4    0x20000084       0x44 CMakeFiles/VScode_TFT1.8.dir/Core/Src/main.c.obj
                0x20000084                huart4
 .bss.color     0x200000c8     0xf000 CMakeFiles/VScode_TFT1.8.dir/Core/Src/main.c.obj
                0x200000c8                color
 .bss.uwTick    0x2000f0c8        0x4 CMakeFiles/VScode_TFT1.8.dir/Drivers/STM32F4xx_HAL_Driver/Src/stm32f4xx_hal.c.obj
                0x2000f0c8                uwTick
 *(COMMON)
                0x2000f0cc                        . = ALIGN (0x4)
                0x2000f0cc                        _ebss = .
                0x2000f0cc                        __bss_end__ = _ebss

._user_heap_stack
                0x2000f0cc      0x604
                0x2000f0d0                        . = ALIGN (0x8)
 *fill*         0x2000f0cc        0x4 
                [!provide]                        PROVIDE (end = .)
                0x2000f0d0                        PROVIDE (_end = .)
                0x2000f2d0                        . = (. + _Min_Heap_Size)
 *fill*         0x2000f0d0      0x200 
                0x2000f6d0                        . = (. + _Min_Stack_Size)
 *fill*         0x2000f2d0      0x400 
                0x2000f6d0                        . = ALIGN (0x8)

/DISCARD/
 libc.a(*)
 libm.a(*)
 libgcc.a(*)

.ARM.attributes
                0x00000000       0x30
 *(.ARM.attributes)
 .ARM.attributes
                0x00000000       0x22 C:/ST/STM32CubeCLT_1.16.0/GNU-tools-for-STM32/bin/../lib/gcc/arm-none-eabi/12.3.1/thumb/v7e-m+fp/hard/crti.o
 .ARM.attributes
                0x00000022       0x34 C:/ST/STM32CubeCLT_1.16.0/GNU-tools-for-STM32/bin/../lib/gcc/arm-none-eabi/12.3.1/thumb/v7e-m+fp/hard/crtbegin.o
 .ARM.attributes
                0x00000056       0x34 C:/ST/STM32CubeCLT_1.16.0/GNU-tools-for-STM32/bin/../lib/gcc/arm-none-eabi/12.3.1/../../../../arm-none-eabi/lib/thumb/v7e-m+fp/hard\libc_nano.a(libc_a-memset.o)
 .ARM.attributes
                0x0000008a       0x34 C:/ST/STM32CubeCLT_1.16.0/GNU-tools-for-STM32/bin/../lib/gcc/arm-none-eabi/12.3.1/../../../../arm-none-eabi/lib/thumb/v7e-m+fp/hard\libc_nano.a(libc_a-init.o)
 .ARM.attributes
                0x000000be       0x34 CMakeFiles/VScode_TFT1.8.dir/Core/ST7735/ST7735.c.obj
 .ARM.attributes
                0x000000f2       0x34 CMakeFiles/VScode_TFT1.8.dir/Core/Src/main.c.obj
 .ARM.attributes
                0x00000126       0x34 CMakeFiles/VScode_TFT1.8.dir/Core/Src/stm32f4xx_it.c.obj
 .ARM.attributes
                0x0000015a       0x34 CMakeFiles/VScode_TFT1.8.dir/Core/Src/stm32f4xx_hal_msp.c.obj
 .ARM.attributes
                0x0000018e       0x34 CMakeFiles/VScode_TFT1.8.dir/Drivers/STM32F4xx_HAL_Driver/Src/stm32f4xx_hal_spi.c.obj
 .ARM.attributes
                0x000001c2       0x34 CMakeFiles/VScode_TFT1.8.dir/Drivers/STM32F4xx_HAL_Driver/Src/stm32f4xx_hal_rcc.c.obj
 .ARM.attributes
                0x000001f6       0x34 CMakeFiles/VScode_TFT1.8.dir/Drivers/STM32F4xx_HAL_Driver/Src/stm32f4xx_hal_gpio.c.obj
 .ARM.attributes
                0x0000022a       0x34 CMakeFiles/VScode_TFT1.8.dir/Drivers/STM32F4xx_HAL_Driver/Src/stm32f4xx_hal_cortex.c.obj
 .ARM.attributes
                0x0000025e       0x34 CMakeFiles/VScode_TFT1.8.dir/Drivers/STM32F4xx_HAL_Driver/Src/stm32f4xx_hal.c.obj
 .ARM.attributes
                0x00000292       0x34 CMakeFiles/VScode_TFT1.8.dir/Drivers/STM32F4xx_HAL_Driver/Src/stm32f4xx_hal_uart.c.obj
 .ARM.attributes
                0x000002c6       0x34 CMakeFiles/VScode_TFT1.8.dir/Core/Src/system_stm32f4xx.c.obj
 .ARM.attributes
                0x000002fa       0x21 CMakeFiles/VScode_TFT1.8.dir/startup_stm32f407xx.s.obj
 .ARM.attributes
                0x0000031b       0x22 C:/ST/STM32CubeCLT_1.16.0/GNU-tools-for-STM32/bin/../lib/gcc/arm-none-eabi/12.3.1/thumb/v7e-m+fp/hard\libgcc.a(_aeabi_uldivmod.o)
 .ARM.attributes
                0x0000033d       0x34 C:/ST/STM32CubeCLT_1.16.0/GNU-tools-for-STM32/bin/../lib/gcc/arm-none-eabi/12.3.1/thumb/v7e-m+fp/hard\libgcc.a(_udivmoddi4.o)
 .ARM.attributes
                0x00000371       0x22 C:/ST/STM32CubeCLT_1.16.0/GNU-tools-for-STM32/bin/../lib/gcc/arm-none-eabi/12.3.1/thumb/v7e-m+fp/hard\libgcc.a(_dvmd_tls.o)
 .ARM.attributes
                0x00000393       0x22 C:/ST/STM32CubeCLT_1.16.0/GNU-tools-for-STM32/bin/../lib/gcc/arm-none-eabi/12.3.1/thumb/v7e-m+fp/hard/crtn.o
OUTPUT(VScode_TFT1.8.elf elf32-littlearm)
LOAD linker stubs
LOAD C:/ST/STM32CubeCLT_1.16.0/GNU-tools-for-STM32/bin/../lib/gcc/arm-none-eabi/12.3.1/../../../../arm-none-eabi/lib/thumb/v7e-m+fp/hard\libc.a
LOAD C:/ST/STM32CubeCLT_1.16.0/GNU-tools-for-STM32/bin/../lib/gcc/arm-none-eabi/12.3.1/../../../../arm-none-eabi/lib/thumb/v7e-m+fp/hard\libm.a
LOAD C:/ST/STM32CubeCLT_1.16.0/GNU-tools-for-STM32/bin/../lib/gcc/arm-none-eabi/12.3.1/thumb/v7e-m+fp/hard\libgcc.a

.debug_frame    0x00000000     0x21cc
 .debug_frame   0x00000000       0x20 C:/ST/STM32CubeCLT_1.16.0/GNU-tools-for-STM32/bin/../lib/gcc/arm-none-eabi/12.3.1/../../../../arm-none-eabi/lib/thumb/v7e-m+fp/hard\libc_nano.a(libc_a-memset.o)
 .debug_frame   0x00000020       0x2c C:/ST/STM32CubeCLT_1.16.0/GNU-tools-for-STM32/bin/../lib/gcc/arm-none-eabi/12.3.1/../../../../arm-none-eabi/lib/thumb/v7e-m+fp/hard\libc_nano.a(libc_a-init.o)
 .debug_frame   0x0000004c      0x19c CMakeFiles/VScode_TFT1.8.dir/Core/ST7735/ST7735.c.obj
 .debug_frame   0x000001e8       0xc4 CMakeFiles/VScode_TFT1.8.dir/Core/Src/main.c.obj
 .debug_frame   0x000002ac      0x104 CMakeFiles/VScode_TFT1.8.dir/Core/Src/stm32f4xx_it.c.obj
 .debug_frame   0x000003b0       0xc8 CMakeFiles/VScode_TFT1.8.dir/Core/Src/stm32f4xx_hal_msp.c.obj
 .debug_frame   0x00000478      0x824 CMakeFiles/VScode_TFT1.8.dir/Drivers/STM32F4xx_HAL_Driver/Src/stm32f4xx_hal_spi.c.obj
 .debug_frame   0x00000c9c      0x1f4 CMakeFiles/VScode_TFT1.8.dir/Drivers/STM32F4xx_HAL_Driver/Src/stm32f4xx_hal_rcc.c.obj
 .debug_frame   0x00000e90      0x14c CMakeFiles/VScode_TFT1.8.dir/Drivers/STM32F4xx_HAL_Driver/Src/stm32f4xx_hal_gpio.c.obj
 .debug_frame   0x00000fdc      0x498 CMakeFiles/VScode_TFT1.8.dir/Drivers/STM32F4xx_HAL_Driver/Src/stm32f4xx_hal_cortex.c.obj
 .debug_frame   0x00001474      0x374 CMakeFiles/VScode_TFT1.8.dir/Drivers/STM32F4xx_HAL_Driver/Src/stm32f4xx_hal.c.obj
 .debug_frame   0x000017e8      0x92c CMakeFiles/VScode_TFT1.8.dir/Drivers/STM32F4xx_HAL_Driver/Src/stm32f4xx_hal_uart.c.obj
 .debug_frame   0x00002114       0x58 CMakeFiles/VScode_TFT1.8.dir/Core/Src/system_stm32f4xx.c.obj
 .debug_frame   0x0000216c       0x2c C:/ST/STM32CubeCLT_1.16.0/GNU-tools-for-STM32/bin/../lib/gcc/arm-none-eabi/12.3.1/thumb/v7e-m+fp/hard\libgcc.a(_aeabi_uldivmod.o)
 .debug_frame   0x00002198       0x34 C:/ST/STM32CubeCLT_1.16.0/GNU-tools-for-STM32/bin/../lib/gcc/arm-none-eabi/12.3.1/thumb/v7e-m+fp/hard\libgcc.a(_udivmoddi4.o)

.debug_info     0x00000000     0x95ec
 .debug_info    0x00000000      0x96e CMakeFiles/VScode_TFT1.8.dir/Core/ST7735/ST7735.c.obj
 .debug_info    0x0000096e      0xeba CMakeFiles/VScode_TFT1.8.dir/Core/Src/main.c.obj
 .debug_info    0x00001828      0x112 CMakeFiles/VScode_TFT1.8.dir/Core/Src/stm32f4xx_it.c.obj
 .debug_info    0x0000193a      0xbbb CMakeFiles/VScode_TFT1.8.dir/Core/Src/stm32f4xx_hal_msp.c.obj
 .debug_info    0x000024f5     0x15fb CMakeFiles/VScode_TFT1.8.dir/Drivers/STM32F4xx_HAL_Driver/Src/stm32f4xx_hal_spi.c.obj
 .debug_info    0x00003af0      0x8b1 CMakeFiles/VScode_TFT1.8.dir/Drivers/STM32F4xx_HAL_Driver/Src/stm32f4xx_hal_rcc.c.obj
 .debug_info    0x000043a1      0x6c3 CMakeFiles/VScode_TFT1.8.dir/Drivers/STM32F4xx_HAL_Driver/Src/stm32f4xx_hal_gpio.c.obj
 .debug_info    0x00004a64      0xd46 CMakeFiles/VScode_TFT1.8.dir/Drivers/STM32F4xx_HAL_Driver/Src/stm32f4xx_hal_cortex.c.obj
 .debug_info    0x000057aa      0x948 CMakeFiles/VScode_TFT1.8.dir/Drivers/STM32F4xx_HAL_Driver/Src/stm32f4xx_hal.c.obj
 .debug_info    0x000060f2     0x2fb8 CMakeFiles/VScode_TFT1.8.dir/Drivers/STM32F4xx_HAL_Driver/Src/stm32f4xx_hal_uart.c.obj
 .debug_info    0x000090aa      0x512 CMakeFiles/VScode_TFT1.8.dir/Core/Src/system_stm32f4xx.c.obj
 .debug_info    0x000095bc       0x30 CMakeFiles/VScode_TFT1.8.dir/startup_stm32f407xx.s.obj

.debug_abbrev   0x00000000     0x1788
 .debug_abbrev  0x00000000      0x239 CMakeFiles/VScode_TFT1.8.dir/Core/ST7735/ST7735.c.obj
 .debug_abbrev  0x00000239      0x29a CMakeFiles/VScode_TFT1.8.dir/Core/Src/main.c.obj
 .debug_abbrev  0x000004d3       0x73 CMakeFiles/VScode_TFT1.8.dir/Core/Src/stm32f4xx_it.c.obj
 .debug_abbrev  0x00000546      0x1ae CMakeFiles/VScode_TFT1.8.dir/Core/Src/stm32f4xx_hal_msp.c.obj
 .debug_abbrev  0x000006f4      0x284 CMakeFiles/VScode_TFT1.8.dir/Drivers/STM32F4xx_HAL_Driver/Src/stm32f4xx_hal_spi.c.obj
 .debug_abbrev  0x00000978      0x2b6 CMakeFiles/VScode_TFT1.8.dir/Drivers/STM32F4xx_HAL_Driver/Src/stm32f4xx_hal_rcc.c.obj
 .debug_abbrev  0x00000c2e      0x1d4 CMakeFiles/VScode_TFT1.8.dir/Drivers/STM32F4xx_HAL_Driver/Src/stm32f4xx_hal_gpio.c.obj
 .debug_abbrev  0x00000e02      0x327 CMakeFiles/VScode_TFT1.8.dir/Drivers/STM32F4xx_HAL_Driver/Src/stm32f4xx_hal_cortex.c.obj
 .debug_abbrev  0x00001129      0x213 CMakeFiles/VScode_TFT1.8.dir/Drivers/STM32F4xx_HAL_Driver/Src/stm32f4xx_hal.c.obj
 .debug_abbrev  0x0000133c      0x30e CMakeFiles/VScode_TFT1.8.dir/Drivers/STM32F4xx_HAL_Driver/Src/stm32f4xx_hal_uart.c.obj
 .debug_abbrev  0x0000164a      0x11a CMakeFiles/VScode_TFT1.8.dir/Core/Src/system_stm32f4xx.c.obj
 .debug_abbrev  0x00001764       0x24 CMakeFiles/VScode_TFT1.8.dir/startup_stm32f407xx.s.obj

.debug_aranges  0x00000000      0x860
 .debug_aranges
                0x00000000       0x70 CMakeFiles/VScode_TFT1.8.dir/Core/ST7735/ST7735.c.obj
 .debug_aranges
                0x00000070       0x48 CMakeFiles/VScode_TFT1.8.dir/Core/Src/main.c.obj
 .debug_aranges
                0x000000b8       0x60 CMakeFiles/VScode_TFT1.8.dir/Core/Src/stm32f4xx_it.c.obj
 .debug_aranges
                0x00000118       0x40 CMakeFiles/VScode_TFT1.8.dir/Core/Src/stm32f4xx_hal_msp.c.obj
 .debug_aranges
                0x00000158      0x1d0 CMakeFiles/VScode_TFT1.8.dir/Drivers/STM32F4xx_HAL_Driver/Src/stm32f4xx_hal_spi.c.obj
 .debug_aranges
                0x00000328       0x88 CMakeFiles/VScode_TFT1.8.dir/Drivers/STM32F4xx_HAL_Driver/Src/stm32f4xx_hal_rcc.c.obj
 .debug_aranges
                0x000003b0       0x58 CMakeFiles/VScode_TFT1.8.dir/Drivers/STM32F4xx_HAL_Driver/Src/stm32f4xx_hal_gpio.c.obj
 .debug_aranges
                0x00000408      0x118 CMakeFiles/VScode_TFT1.8.dir/Drivers/STM32F4xx_HAL_Driver/Src/stm32f4xx_hal_cortex.c.obj
 .debug_aranges
                0x00000520       0xf0 CMakeFiles/VScode_TFT1.8.dir/Drivers/STM32F4xx_HAL_Driver/Src/stm32f4xx_hal.c.obj
 .debug_aranges
                0x00000610      0x200 CMakeFiles/VScode_TFT1.8.dir/Drivers/STM32F4xx_HAL_Driver/Src/stm32f4xx_hal_uart.c.obj
 .debug_aranges
                0x00000810       0x28 CMakeFiles/VScode_TFT1.8.dir/Core/Src/system_stm32f4xx.c.obj
 .debug_aranges
                0x00000838       0x28 CMakeFiles/VScode_TFT1.8.dir/startup_stm32f407xx.s.obj

.debug_rnglists
                0x00000000      0x66e
 .debug_rnglists
                0x00000000       0x4f CMakeFiles/VScode_TFT1.8.dir/Core/ST7735/ST7735.c.obj
 .debug_rnglists
                0x0000004f       0x34 CMakeFiles/VScode_TFT1.8.dir/Core/Src/main.c.obj
 .debug_rnglists
                0x00000083       0x43 CMakeFiles/VScode_TFT1.8.dir/Core/Src/stm32f4xx_it.c.obj
 .debug_rnglists
                0x000000c6       0x2d CMakeFiles/VScode_TFT1.8.dir/Core/Src/stm32f4xx_hal_msp.c.obj
 .debug_rnglists
                0x000000f3      0x16f CMakeFiles/VScode_TFT1.8.dir/Drivers/STM32F4xx_HAL_Driver/Src/stm32f4xx_hal_spi.c.obj
 .debug_rnglists
                0x00000262       0x66 CMakeFiles/VScode_TFT1.8.dir/Drivers/STM32F4xx_HAL_Driver/Src/stm32f4xx_hal_rcc.c.obj
 .debug_rnglists
                0x000002c8       0x3f CMakeFiles/VScode_TFT1.8.dir/Drivers/STM32F4xx_HAL_Driver/Src/stm32f4xx_hal_gpio.c.obj
 .debug_rnglists
                0x00000307       0xce CMakeFiles/VScode_TFT1.8.dir/Drivers/STM32F4xx_HAL_Driver/Src/stm32f4xx_hal_cortex.c.obj
 .debug_rnglists
                0x000003d5       0xaf CMakeFiles/VScode_TFT1.8.dir/Drivers/STM32F4xx_HAL_Driver/Src/stm32f4xx_hal.c.obj
 .debug_rnglists
                0x00000484      0x1b7 CMakeFiles/VScode_TFT1.8.dir/Drivers/STM32F4xx_HAL_Driver/Src/stm32f4xx_hal_uart.c.obj
 .debug_rnglists
                0x0000063b       0x1a CMakeFiles/VScode_TFT1.8.dir/Core/Src/system_stm32f4xx.c.obj
 .debug_rnglists
                0x00000655       0x19 CMakeFiles/VScode_TFT1.8.dir/startup_stm32f407xx.s.obj

.debug_macro    0x00000000    0x20377
 .debug_macro   0x00000000      0x1dc CMakeFiles/VScode_TFT1.8.dir/Core/ST7735/ST7735.c.obj
 .debug_macro   0x000001dc      0xab4 CMakeFiles/VScode_TFT1.8.dir/Core/ST7735/ST7735.c.obj
 .debug_macro   0x00000c90       0x2e CMakeFiles/VScode_TFT1.8.dir/Core/ST7735/ST7735.c.obj
 .debug_macro   0x00000cbe       0x2f CMakeFiles/VScode_TFT1.8.dir/Core/ST7735/ST7735.c.obj
 .debug_macro   0x00000ced       0x22 CMakeFiles/VScode_TFT1.8.dir/Core/ST7735/ST7735.c.obj
 .debug_macro   0x00000d0f       0x8e CMakeFiles/VScode_TFT1.8.dir/Core/ST7735/ST7735.c.obj
 .debug_macro   0x00000d9d       0x51 CMakeFiles/VScode_TFT1.8.dir/Core/ST7735/ST7735.c.obj
 .debug_macro   0x00000dee      0x103 CMakeFiles/VScode_TFT1.8.dir/Core/ST7735/ST7735.c.obj
 .debug_macro   0x00000ef1       0x6a CMakeFiles/VScode_TFT1.8.dir/Core/ST7735/ST7735.c.obj
 .debug_macro   0x00000f5b      0x1df CMakeFiles/VScode_TFT1.8.dir/Core/ST7735/ST7735.c.obj
 .debug_macro   0x0000113a       0x1c CMakeFiles/VScode_TFT1.8.dir/Core/ST7735/ST7735.c.obj
 .debug_macro   0x00001156       0x22 CMakeFiles/VScode_TFT1.8.dir/Core/ST7735/ST7735.c.obj
 .debug_macro   0x00001178       0xd9 CMakeFiles/VScode_TFT1.8.dir/Core/ST7735/ST7735.c.obj
 .debug_macro   0x00001251     0x102d CMakeFiles/VScode_TFT1.8.dir/Core/ST7735/ST7735.c.obj
 .debug_macro   0x0000227e      0x11f CMakeFiles/VScode_TFT1.8.dir/Core/ST7735/ST7735.c.obj
 .debug_macro   0x0000239d    0x15e82 CMakeFiles/VScode_TFT1.8.dir/Core/ST7735/ST7735.c.obj
 .debug_macro   0x0001821f       0x6d CMakeFiles/VScode_TFT1.8.dir/Core/ST7735/ST7735.c.obj
 .debug_macro   0x0001828c      0x29b CMakeFiles/VScode_TFT1.8.dir/Core/ST7735/ST7735.c.obj
 .debug_macro   0x00018527     0x367e CMakeFiles/VScode_TFT1.8.dir/Core/ST7735/ST7735.c.obj
 .debug_macro   0x0001bba5      0x189 CMakeFiles/VScode_TFT1.8.dir/Core/ST7735/ST7735.c.obj
 .debug_macro   0x0001bd2e       0x5c CMakeFiles/VScode_TFT1.8.dir/Core/ST7735/ST7735.c.obj
 .debug_macro   0x0001bd8a      0x96b CMakeFiles/VScode_TFT1.8.dir/Core/ST7735/ST7735.c.obj
 .debug_macro   0x0001c6f5      0x9fe CMakeFiles/VScode_TFT1.8.dir/Core/ST7735/ST7735.c.obj
 .debug_macro   0x0001d0f3      0x115 CMakeFiles/VScode_TFT1.8.dir/Core/ST7735/ST7735.c.obj
 .debug_macro   0x0001d208      0x13e CMakeFiles/VScode_TFT1.8.dir/Core/ST7735/ST7735.c.obj
 .debug_macro   0x0001d346       0xa5 CMakeFiles/VScode_TFT1.8.dir/Core/ST7735/ST7735.c.obj
 .debug_macro   0x0001d3eb      0x174 CMakeFiles/VScode_TFT1.8.dir/Core/ST7735/ST7735.c.obj
 .debug_macro   0x0001d55f      0x287 CMakeFiles/VScode_TFT1.8.dir/Core/ST7735/ST7735.c.obj
 .debug_macro   0x0001d7e6       0x5f CMakeFiles/VScode_TFT1.8.dir/Core/ST7735/ST7735.c.obj
 .debug_macro   0x0001d845      0x236 CMakeFiles/VScode_TFT1.8.dir/Core/ST7735/ST7735.c.obj
 .debug_macro   0x0001da7b      0x12c CMakeFiles/VScode_TFT1.8.dir/Core/ST7735/ST7735.c.obj
 .debug_macro   0x0001dba7      0x21e CMakeFiles/VScode_TFT1.8.dir/Core/ST7735/ST7735.c.obj
 .debug_macro   0x0001ddc5       0x2e CMakeFiles/VScode_TFT1.8.dir/Core/ST7735/ST7735.c.obj
 .debug_macro   0x0001ddf3      0x11a CMakeFiles/VScode_TFT1.8.dir/Core/ST7735/ST7735.c.obj
 .debug_macro   0x0001df0d       0x7e CMakeFiles/VScode_TFT1.8.dir/Core/ST7735/ST7735.c.obj
 .debug_macro   0x0001df8b       0x89 CMakeFiles/VScode_TFT1.8.dir/Core/ST7735/ST7735.c.obj
 .debug_macro   0x0001e014      0x225 CMakeFiles/VScode_TFT1.8.dir/Core/ST7735/ST7735.c.obj
 .debug_macro   0x0001e239      0x295 CMakeFiles/VScode_TFT1.8.dir/Core/ST7735/ST7735.c.obj
 .debug_macro   0x0001e4ce      0x12d CMakeFiles/VScode_TFT1.8.dir/Core/ST7735/ST7735.c.obj
 .debug_macro   0x0001e5fb       0x3a CMakeFiles/VScode_TFT1.8.dir/Core/ST7735/ST7735.c.obj
 .debug_macro   0x0001e635      0x10c CMakeFiles/VScode_TFT1.8.dir/Core/ST7735/ST7735.c.obj
 .debug_macro   0x0001e741      0x29b CMakeFiles/VScode_TFT1.8.dir/Core/Src/main.c.obj
 .debug_macro   0x0001e9dc       0x34 CMakeFiles/VScode_TFT1.8.dir/Core/Src/main.c.obj
 .debug_macro   0x0001ea10      0x112 CMakeFiles/VScode_TFT1.8.dir/Core/Src/main.c.obj
 .debug_macro   0x0001eb22       0x74 CMakeFiles/VScode_TFT1.8.dir/Core/Src/main.c.obj
 .debug_macro   0x0001eb96       0x2a CMakeFiles/VScode_TFT1.8.dir/Core/Src/main.c.obj
 .debug_macro   0x0001ebc0       0x3c CMakeFiles/VScode_TFT1.8.dir/Core/Src/main.c.obj
 .debug_macro   0x0001ebfc       0x34 CMakeFiles/VScode_TFT1.8.dir/Core/Src/main.c.obj
 .debug_macro   0x0001ec30       0x16 CMakeFiles/VScode_TFT1.8.dir/Core/Src/main.c.obj
 .debug_macro   0x0001ec46       0x43 CMakeFiles/VScode_TFT1.8.dir/Core/Src/main.c.obj
 .debug_macro   0x0001ec89       0x34 CMakeFiles/VScode_TFT1.8.dir/Core/Src/main.c.obj
 .debug_macro   0x0001ecbd       0x10 CMakeFiles/VScode_TFT1.8.dir/Core/Src/main.c.obj
 .debug_macro   0x0001eccd       0x58 CMakeFiles/VScode_TFT1.8.dir/Core/Src/main.c.obj
 .debug_macro   0x0001ed25      0x1de CMakeFiles/VScode_TFT1.8.dir/Core/Src/main.c.obj
 .debug_macro   0x0001ef03      0x369 CMakeFiles/VScode_TFT1.8.dir/Core/Src/main.c.obj
 .debug_macro   0x0001f26c       0x10 CMakeFiles/VScode_TFT1.8.dir/Core/Src/main.c.obj
 .debug_macro   0x0001f27c       0x35 CMakeFiles/VScode_TFT1.8.dir/Core/Src/main.c.obj
 .debug_macro   0x0001f2b1       0x20 CMakeFiles/VScode_TFT1.8.dir/Core/Src/main.c.obj
 .debug_macro   0x0001f2d1      0x1dd CMakeFiles/VScode_TFT1.8.dir/Core/Src/stm32f4xx_it.c.obj
 .debug_macro   0x0001f4ae      0x1d3 CMakeFiles/VScode_TFT1.8.dir/Core/Src/stm32f4xx_hal_msp.c.obj
 .debug_macro   0x0001f681      0x1d3 CMakeFiles/VScode_TFT1.8.dir/Drivers/STM32F4xx_HAL_Driver/Src/stm32f4xx_hal_spi.c.obj
 .debug_macro   0x0001f854      0x1e8 CMakeFiles/VScode_TFT1.8.dir/Drivers/STM32F4xx_HAL_Driver/Src/stm32f4xx_hal_rcc.c.obj
 .debug_macro   0x0001fa3c      0x1ca CMakeFiles/VScode_TFT1.8.dir/Drivers/STM32F4xx_HAL_Driver/Src/stm32f4xx_hal_gpio.c.obj
 .debug_macro   0x0001fc06      0x1c4 CMakeFiles/VScode_TFT1.8.dir/Drivers/STM32F4xx_HAL_Driver/Src/stm32f4xx_hal_cortex.c.obj
 .debug_macro   0x0001fdca      0x224 CMakeFiles/VScode_TFT1.8.dir/Drivers/STM32F4xx_HAL_Driver/Src/stm32f4xx_hal.c.obj
 .debug_macro   0x0001ffee      0x1c5 CMakeFiles/VScode_TFT1.8.dir/Drivers/STM32F4xx_HAL_Driver/Src/stm32f4xx_hal_uart.c.obj
 .debug_macro   0x000201b3      0x1c4 CMakeFiles/VScode_TFT1.8.dir/Core/Src/system_stm32f4xx.c.obj

.debug_line     0x00000000     0xa1d4
 .debug_line    0x00000000      0x90a CMakeFiles/VScode_TFT1.8.dir/Core/ST7735/ST7735.c.obj
 .debug_line    0x0000090a      0x97d CMakeFiles/VScode_TFT1.8.dir/Core/Src/main.c.obj
 .debug_line    0x00001287      0x7e7 CMakeFiles/VScode_TFT1.8.dir/Core/Src/stm32f4xx_it.c.obj
 .debug_line    0x00001a6e      0x7bf CMakeFiles/VScode_TFT1.8.dir/Core/Src/stm32f4xx_hal_msp.c.obj
 .debug_line    0x0000222d     0x1cc7 CMakeFiles/VScode_TFT1.8.dir/Drivers/STM32F4xx_HAL_Driver/Src/stm32f4xx_hal_spi.c.obj
 .debug_line    0x00003ef4      0xd85 CMakeFiles/VScode_TFT1.8.dir/Drivers/STM32F4xx_HAL_Driver/Src/stm32f4xx_hal_rcc.c.obj
 .debug_line    0x00004c79      0xb9e CMakeFiles/VScode_TFT1.8.dir/Drivers/STM32F4xx_HAL_Driver/Src/stm32f4xx_hal_gpio.c.obj
 .debug_line    0x00005817      0xcbf CMakeFiles/VScode_TFT1.8.dir/Drivers/STM32F4xx_HAL_Driver/Src/stm32f4xx_hal_cortex.c.obj
 .debug_line    0x000064d6      0xa12 CMakeFiles/VScode_TFT1.8.dir/Drivers/STM32F4xx_HAL_Driver/Src/stm32f4xx_hal.c.obj
 .debug_line    0x00006ee8     0x2ac9 CMakeFiles/VScode_TFT1.8.dir/Drivers/STM32F4xx_HAL_Driver/Src/stm32f4xx_hal_uart.c.obj
 .debug_line    0x000099b1      0x7a9 CMakeFiles/VScode_TFT1.8.dir/Core/Src/system_stm32f4xx.c.obj
 .debug_line    0x0000a15a       0x7a CMakeFiles/VScode_TFT1.8.dir/startup_stm32f407xx.s.obj

.debug_str      0x00000000    0xc361a
 .debug_str     0x00000000    0xbe4ae CMakeFiles/VScode_TFT1.8.dir/Core/ST7735/ST7735.c.obj
                              0xbe791 (size before relaxing)
 .debug_str     0x000be4ae     0x3019 CMakeFiles/VScode_TFT1.8.dir/Core/Src/main.c.obj
                              0xc170b (size before relaxing)
 .debug_str     0x000c14c7       0xf7 CMakeFiles/VScode_TFT1.8.dir/Core/Src/stm32f4xx_it.c.obj
                              0xbde6e (size before relaxing)
 .debug_str     0x000c15be       0xbb CMakeFiles/VScode_TFT1.8.dir/Core/Src/stm32f4xx_hal_msp.c.obj
                              0xbe590 (size before relaxing)
 .debug_str     0x000c1679      0x5d6 CMakeFiles/VScode_TFT1.8.dir/Drivers/STM32F4xx_HAL_Driver/Src/stm32f4xx_hal_spi.c.obj
                              0xbe7b0 (size before relaxing)
 .debug_str     0x000c1c4f      0x2be CMakeFiles/VScode_TFT1.8.dir/Drivers/STM32F4xx_HAL_Driver/Src/stm32f4xx_hal_rcc.c.obj
                              0xbe320 (size before relaxing)
 .debug_str     0x000c1f0d      0x14f CMakeFiles/VScode_TFT1.8.dir/Drivers/STM32F4xx_HAL_Driver/Src/stm32f4xx_hal_gpio.c.obj
                              0xbe067 (size before relaxing)
 .debug_str     0x000c205c      0x90e CMakeFiles/VScode_TFT1.8.dir/Drivers/STM32F4xx_HAL_Driver/Src/stm32f4xx_hal_cortex.c.obj
                              0xbe7a3 (size before relaxing)
 .debug_str     0x000c296a      0x5a2 CMakeFiles/VScode_TFT1.8.dir/Drivers/STM32F4xx_HAL_Driver/Src/stm32f4xx_hal.c.obj
                              0xbea70 (size before relaxing)
 .debug_str     0x000c2f0c      0x633 CMakeFiles/VScode_TFT1.8.dir/Drivers/STM32F4xx_HAL_Driver/Src/stm32f4xx_hal_uart.c.obj
                              0xbe8bf (size before relaxing)
 .debug_str     0x000c353f       0x78 CMakeFiles/VScode_TFT1.8.dir/Core/Src/system_stm32f4xx.c.obj
                              0xbdeec (size before relaxing)
 .debug_str     0x000c35b7       0x63 CMakeFiles/VScode_TFT1.8.dir/startup_stm32f407xx.s.obj
                                 0xa0 (size before relaxing)

.comment        0x00000000       0x43
 .comment       0x00000000       0x43 CMakeFiles/VScode_TFT1.8.dir/Core/ST7735/ST7735.c.obj
                                 0x44 (size before relaxing)
 .comment       0x00000043       0x44 CMakeFiles/VScode_TFT1.8.dir/Core/Src/main.c.obj
 .comment       0x00000043       0x44 CMakeFiles/VScode_TFT1.8.dir/Core/Src/stm32f4xx_it.c.obj
 .comment       0x00000043       0x44 CMakeFiles/VScode_TFT1.8.dir/Core/Src/stm32f4xx_hal_msp.c.obj
 .comment       0x00000043       0x44 CMakeFiles/VScode_TFT1.8.dir/Drivers/STM32F4xx_HAL_Driver/Src/stm32f4xx_hal_spi.c.obj
 .comment       0x00000043       0x44 CMakeFiles/VScode_TFT1.8.dir/Drivers/STM32F4xx_HAL_Driver/Src/stm32f4xx_hal_rcc.c.obj
 .comment       0x00000043       0x44 CMakeFiles/VScode_TFT1.8.dir/Drivers/STM32F4xx_HAL_Driver/Src/stm32f4xx_hal_gpio.c.obj
 .comment       0x00000043       0x44 CMakeFiles/VScode_TFT1.8.dir/Drivers/STM32F4xx_HAL_Driver/Src/stm32f4xx_hal_cortex.c.obj
 .comment       0x00000043       0x44 CMakeFiles/VScode_TFT1.8.dir/Drivers/STM32F4xx_HAL_Driver/Src/stm32f4xx_hal.c.obj
 .comment       0x00000043       0x44 CMakeFiles/VScode_TFT1.8.dir/Drivers/STM32F4xx_HAL_Driver/Src/stm32f4xx_hal_uart.c.obj
 .comment       0x00000043       0x44 CMakeFiles/VScode_TFT1.8.dir/Core/Src/system_stm32f4xx.c.obj

.debug_line_str
                0x00000000       0x84
 .debug_line_str
                0x00000000       0x84 CMakeFiles/VScode_TFT1.8.dir/startup_stm32f407xx.s.obj
